#
# There is insufficient memory for the Java Runtime Environment to continue.
# Native memory allocation (malloc) failed to allocate 1048576 bytes. Error detail: AllocateHeap
# Possible reasons:
#   The system is out of physical RAM or swap space
#   This process is running with CompressedOops enabled, and the Java Heap may be blocking the growth of the native heap
# Possible solutions:
#   Reduce memory load on the system
#   Increase physical memory or swap space
#   Check if swap backing store is full
#   Decrease Java heap size (-Xmx/-Xms)
#   Decrease number of Java threads
#   Decrease Java thread stack sizes (-Xss)
#   Set larger code cache with -XX:ReservedCodeCacheSize=
#   JVM is running with Unscaled Compressed Oops mode in which the Java heap is
#     placed in the first 4GB address space. The Java Heap base address is the
#     maximum limit for the native heap growth. Please use -XX:HeapBaseMinAddress
#     to set the Java Heap base and to place the Java Heap above 4GB virtual address.
# This output file may be truncated or incomplete.
#
#  Out of Memory Error (allocation.cpp:44), pid=12616, tid=2212
#
# JRE version: OpenJDK Runtime Environment Temurin-21.0.11+10 (21.0.11+10) (build 21.0.11+10-LTS)
# Java VM: OpenJDK 64-Bit Server VM Temurin-21.0.11+10 (21.0.11+10-LTS, mixed mode, sharing, tiered, compressed oops, compressed class ptrs, parallel gc, windows-amd64)
# No core dump will be written. Minidumps are not enabled by default on client versions of Windows
#

---------------  S U M M A R Y ------------

Command Line: --add-modules=ALL-SYSTEM --add-opens=java.base/java.util=ALL-UNNAMED --add-opens=java.base/java.lang=ALL-UNNAMED --add-opens=java.base/sun.nio.fs=ALL-UNNAMED -Declipse.application=org.eclipse.jdt.ls.core.id1 -Dosgi.bundles.defaultStartLevel=4 -Declipse.product=org.eclipse.jdt.ls.core.product -Djava.import.generatesMetadataFilesAtProjectRoot=false -DDetectVMInstallationsJob.disabled=true -Dfile.encoding=utf8 -XX:+UseParallelGC -XX:GCTimeRatio=4 -XX:AdaptiveSizePolicyWeight=90 -Dsun.zip.disableMemoryMapping=true -Xmx2G -Xms100m -Xlog:disable -javaagent:c:\Users\VETRI COMPANIES\.vscode\extensions\redhat.java-1.55.0-win32-x64\lombok\lombok-1.18.39-4050.jar -XX:+HeapDumpOnOutOfMemoryError -XX:HeapDumpPath=c:\Users\VETRI COMPANIES\AppData\Roaming\Code\User\workspaceStorage\f945bfe1eab8b0b842f21b4bc0ca246c\redhat.java -Daether.dependencyCollector.impl=bf c:\Users\VETRI COMPANIES\.vscode\extensions\redhat.java-1.55.0-win32-x64\server\plugins\org.eclipse.equinox.launcher_1.7.200.v20260619-2039.jar -configuration c:\Users\VETRI COMPANIES\AppData\Roaming\Code\User\globalStorage\redhat.java\1.55.0\config_win -data c:\Users\VETRI COMPANIES\AppData\Roaming\Code\User\workspaceStorage\f945bfe1eab8b0b842f21b4bc0ca246c\redhat.java\jdt_ws --pipe=\\.\pipe\lsp-e8cd6704782a7972adc14e29aa743e00-sock

Host: Intel(R) Core(TM) i7-6600U CPU @ 2.60GHz, 4 cores, 7G,  Windows 11 , 64 bit Build 22000 (10.0.22000.2538)
Time: Wed Aug 19 16:16:06 2026 India Standard Time elapsed time: 776.824951 seconds (0d 0h 12m 56s)

---------------  T H R E A D  ---------------

Current thread (0x0000022adf1daa90):  JavaThread "Attach Listener" daemon [_thread_in_vm, id=2212, stack(0x000000aac6700000,0x000000aac6800000) (1024K)]

Stack: [0x000000aac6700000,0x000000aac6800000]
Native frames: (J=compiled Java code, j=interpreted, Vv=VM code, C=native code)
V  [jvm.dll+0x6d7e19]
V  [jvm.dll+0x8b5096]
V  [jvm.dll+0x8b764e]
V  [jvm.dll+0x8b7d33]
V  [jvm.dll+0x284596]
V  [jvm.dll+0xc13c7]
V  [jvm.dll+0x6d86c9]
V  [jvm.dll+0x133616]
V  [jvm.dll+0x3f868e]
V  [jvm.dll+0x85fb0d]
V  [jvm.dll+0x6d664d]
C  [ucrtbase.dll+0x26c0c]
C  [KERNEL32.DLL+0x153e0]
C  [ntdll.dll+0x485b]


---------------  P R O C E S S  ---------------

Threads class SMR info:
_java_thread_list=0x0000022afc115170, length=31, elements={
0x0000022adf2eb220, 0x0000022adf1d4d10, 0x0000022adf1d6380, 0x0000022adf1d9a10,
0x0000022adf1daa90, 0x0000022adf1db7b0, 0x0000022adf1dd220, 0x0000022adf1de060,
0x0000022adf253260, 0x0000022af69eb9d0, 0x0000022af6b2aae0, 0x0000022afb3fa510,
0x0000022af6bbee10, 0x0000022afb216fb0, 0x0000022afb1f5030, 0x0000022afb1cefc0,
0x0000022af68eca70, 0x0000022afb561550, 0x0000022afb07cd50, 0x0000022afc4521e0,
0x0000022afc452870, 0x0000022afc455660, 0x0000022afc452f00, 0x0000022afc4507a0,
0x0000022afc450e30, 0x0000022afc455cf0, 0x0000022afc454940, 0x0000022afc453590,
0x0000022afc454fd0, 0x0000022afc453c20, 0x0000022afc450110
}

Java Threads: ( => current thread )
  0x0000022adf2eb220 JavaThread "main"                              [_thread_blocked, id=25744, stack(0x000000aac6000000,0x000000aac6100000) (1024K)]
  0x0000022adf1d4d10 JavaThread "Reference Handler"          daemon [_thread_blocked, id=10936, stack(0x000000aac6400000,0x000000aac6500000) (1024K)]
  0x0000022adf1d6380 JavaThread "Finalizer"                  daemon [_thread_blocked, id=5560, stack(0x000000aac6500000,0x000000aac6600000) (1024K)]
  0x0000022adf1d9a10 JavaThread "Signal Dispatcher"          daemon [_thread_blocked, id=25548, stack(0x000000aac6600000,0x000000aac6700000) (1024K)]
=>0x0000022adf1daa90 JavaThread "Attach Listener"            daemon [_thread_in_vm, id=2212, stack(0x000000aac6700000,0x000000aac6800000) (1024K)]
  0x0000022adf1db7b0 JavaThread "Service Thread"             daemon [_thread_blocked, id=26700, stack(0x000000aac6800000,0x000000aac6900000) (1024K)]
  0x0000022adf1dd220 JavaThread "Monitor Deflation Thread"   daemon [_thread_blocked, id=17972, stack(0x000000aac6900000,0x000000aac6a00000) (1024K)]
  0x0000022adf1de060 JavaThread "C2 CompilerThread0"         daemon [_thread_blocked, id=9664, stack(0x000000aac6a00000,0x000000aac6b00000) (1024K)]
  0x0000022adf253260 JavaThread "C1 CompilerThread0"         daemon [_thread_blocked, id=9644, stack(0x000000aac6b00000,0x000000aac6c00000) (1024K)]
  0x0000022af69eb9d0 JavaThread "Common-Cleaner"             daemon [_thread_blocked, id=23156, stack(0x000000aac6c00000,0x000000aac6d00000) (1024K)]
  0x0000022af6b2aae0 JavaThread "Notification Thread"        daemon [_thread_blocked, id=4048, stack(0x000000aac6d00000,0x000000aac6e00000) (1024K)]
  0x0000022afb3fa510 JavaThread "Active Thread: Equinox Container: de72d337-024b-4755-9fc7-74740b3176ed"        [_thread_blocked, id=25148, stack(0x000000aac7200000,0x000000aac7300000) (1024K)]
  0x0000022af6bbee10 JavaThread "Refresh Thread: Equinox Container: de72d337-024b-4755-9fc7-74740b3176ed" daemon [_thread_blocked, id=15028, stack(0x000000aac7100000,0x000000aac7200000) (1024K)]
  0x0000022afb216fb0 JavaThread "Framework Event Dispatcher: Equinox Container: de72d337-024b-4755-9fc7-74740b3176ed" daemon [_thread_blocked, id=19140, stack(0x000000aac7300000,0x000000aac7400000) (1024K)]
  0x0000022afb1f5030 JavaThread "Start Level: Equinox Container: de72d337-024b-4755-9fc7-74740b3176ed" daemon [_thread_blocked, id=8512, stack(0x000000aac7400000,0x000000aac7500000) (1024K)]
  0x0000022afb1cefc0 JavaThread "Bundle File Closer"         daemon [_thread_blocked, id=17748, stack(0x000000aac7500000,0x000000aac7600000) (1024K)]
  0x0000022af68eca70 JavaThread "SCR Component Actor"        daemon [_thread_blocked, id=19352, stack(0x000000aac7600000,0x000000aac7700000) (1024K)]
  0x0000022afb561550 JavaThread "Worker-JM"                         [_thread_blocked, id=19560, stack(0x000000aac7700000,0x000000aac7800000) (1024K)]
  0x0000022afb07cd50 JavaThread "JNA Cleaner"                daemon [_thread_blocked, id=27136, stack(0x000000aac7800000,0x000000aac7900000) (1024K)]
  0x0000022afc4521e0 JavaThread "Java indexing"              daemon [_thread_blocked, id=21240, stack(0x000000aac7d00000,0x000000aac7e00000) (1024K)]
  0x0000022afc452870 JavaThread "Worker-3"                          [_thread_blocked, id=13692, stack(0x000000aac8000000,0x000000aac8100000) (1024K)]
  0x0000022afc455660 JavaThread "Thread-1"                   daemon [_thread_in_native, id=8856, stack(0x000000aac7b00000,0x000000aac7c00000) (1024K)]
  0x0000022afc452f00 JavaThread "Thread-2"                   daemon [_thread_in_native, id=26732, stack(0x000000aac8200000,0x000000aac8300000) (1024K)]
  0x0000022afc4507a0 JavaThread "Thread-3"                   daemon [_thread_in_native, id=12128, stack(0x000000aac8300000,0x000000aac8400000) (1024K)]
  0x0000022afc450e30 JavaThread "Thread-4"                   daemon [_thread_in_native, id=26236, stack(0x000000aac8400000,0x000000aac8500000) (1024K)]
  0x0000022afc455cf0 JavaThread "Thread-5"                   daemon [_thread_in_native, id=26740, stack(0x000000aac8500000,0x000000aac8600000) (1024K)]
  0x0000022afc454940 JavaThread "pool-2-thread-1"                   [_thread_blocked, id=18940, stack(0x000000aac8600000,0x000000aac8700000) (1024K)]
  0x0000022afc453590 JavaThread "WorkspaceEventsHandler"            [_thread_blocked, id=2148, stack(0x000000aac8800000,0x000000aac8900000) (1024K)]
  0x0000022afc454fd0 JavaThread "pool-1-thread-1"                   [_thread_blocked, id=6436, stack(0x000000aac8900000,0x000000aac8a00000) (1024K)]
  0x0000022afc453c20 JavaThread "PatternSearchJob-worker-1"  daemon [_thread_blocked, id=27508, stack(0x000000aac8700000,0x000000aac8800000) (1024K)]
  0x0000022afc450110 JavaThread "Worker-5"                          [_thread_blocked, id=18436, stack(0x000000aac5e00000,0x000000aac5f00000) (1024K)]
Total: 31

Other Threads:
  0x0000022adf1bce80 VMThread "VM Thread"                           [id=12232, stack(0x000000aac6300000,0x000000aac6400000) (1024K)]
  0x0000022adf3b4650 WatcherThread "VM Periodic Task Thread"        [id=17704, stack(0x000000aac6200000,0x000000aac6300000) (1024K)]
  0x0000022adf3094e0 WorkerThread "GC Thread#0"                     [id=9964, stack(0x000000aac6100000,0x000000aac6200000) (1024K)]
  0x0000022afb0e1fc0 WorkerThread "GC Thread#1"                     [id=19440, stack(0x000000aac6e00000,0x000000aac6f00000) (1024K)]
  0x0000022afb0e2370 WorkerThread "GC Thread#2"                     [id=23584, stack(0x000000aac6f00000,0x000000aac7000000) (1024K)]
  0x0000022afb21a2a0 WorkerThread "GC Thread#3"                     [id=14168, stack(0x000000aac7000000,0x000000aac7100000) (1024K)]
Total: 6

Threads with active compile tasks:
Total: 0

VM state: not at safepoint (normal execution)

VM Mutex/Monitor currently owned by a thread: None

Heap address: 0x0000000080000000, size: 2048 MB, Compressed Oops mode: 32-bit

CDS archive(s) mapped at: [0x0000022a80000000-0x0000022a80ba0000-0x0000022a80ba0000), size 12189696, SharedBaseAddress: 0x0000022a80000000, ArchiveRelocationMode: 1.
Compressed class space mapped at: 0x0000022a81000000-0x0000022ac1000000, reserved size: 1073741824
Narrow klass base: 0x0000022a80000000, Narrow klass shift: 0, Narrow klass range: 0x100000000

GC Precious Log:
 CardTable entry size: 512
 CPUs: 4 total, 4 available
 Memory: 8072M
 Large Page Support: Disabled
 NUMA Support: Disabled
 Compressed Oops: Enabled (32-bit)
 Alignments: Space 512K, Generation 512K, Heap 2M
 Heap Min Capacity: 100M
 Heap Initial Capacity: 100M
 Heap Max Capacity: 2G
 Pre-touch: Disabled
 Parallel Workers: 4

Heap:
 PSYoungGen      total 15360K, used 7053K [0x00000000d5580000, 0x00000000d6b80000, 0x0000000100000000)
  eden space 14848K, 45% used [0x00000000d5580000,0x00000000d5c0b760,0x00000000d6400000)
  from space 512K, 68% used [0x00000000d6b00000,0x00000000d6b58020,0x00000000d6b80000)
  to   space 1024K, 0% used [0x00000000d6980000,0x00000000d6980000,0x00000000d6a80000)
 ParOldGen       total 93184K, used 92306K [0x0000000080000000, 0x0000000085b00000, 0x00000000d5580000)
  object space 93184K, 99% used [0x0000000080000000,0x0000000085a249c8,0x0000000085b00000)
 Metaspace       used 62879K, committed 64384K, reserved 1114112K
  class space    used 6630K, committed 7296K, reserved 1048576K

Card table byte_map: [0x0000022adeca0000,0x0000022adf0b0000] _byte_map_base: 0x0000022ade8a0000

Marking Bits: (ParMarkBitMap*) 0x00007ff9f6904460
 Begin Bits: [0x0000022af17b0000, 0x0000022af37b0000)
 End Bits:   [0x0000022af37b0000, 0x0000022af57b0000)

Polling page: 0x0000022add190000

Metaspace:

Usage:
  Non-class:     54.93 MB used.
      Class:      6.48 MB used.
       Both:     61.41 MB used.

Virtual space:
  Non-class space:       64.00 MB reserved,      55.75 MB ( 87%) committed,  1 nodes.
      Class space:        1.00 GB reserved,       7.12 MB ( <1%) committed,  1 nodes.
             Both:        1.06 GB reserved,      62.88 MB (  6%) committed. 

Chunk freelists:
   Non-Class:  7.88 MB
       Class:  8.87 MB
        Both:  16.75 MB

MaxMetaspaceSize: unlimited
CompressedClassSpaceSize: 1.00 GB
Initial GC threshold: 21.00 MB
Current GC threshold: 99.00 MB
CDS: on
 - commit_granule_bytes: 65536.
 - commit_granule_words: 8192.
 - virtual_space_node_default_size: 8388608.
 - enlarge_chunks_in_place: 1.
 - use_allocation_guard: 0.


Internal statistics:

num_allocs_failed_limit: 17.
num_arena_births: 1202.
num_arena_deaths: 14.
num_vsnodes_births: 2.
num_vsnodes_deaths: 0.
num_space_committed: 1006.
num_space_uncommitted: 0.
num_chunks_returned_to_freelist: 31.
num_chunks_taken_from_freelist: 4155.
num_chunk_merges: 20.
num_chunk_splits: 2587.
num_chunks_enlarged: 1467.
num_inconsistent_stats: 0.

CodeHeap 'non-profiled nmethods': size=120000Kb used=7953Kb max_used=7953Kb free=112046Kb
 bounds [0x0000022ae9fd0000, 0x0000022aea7a0000, 0x0000022af1500000]
CodeHeap 'profiled nmethods': size=120000Kb used=24559Kb max_used=24559Kb free=95441Kb
 bounds [0x0000022ae2500000, 0x0000022ae3d00000, 0x0000022ae9a30000]
CodeHeap 'non-nmethods': size=5760Kb used=1407Kb max_used=1480Kb free=4352Kb
 bounds [0x0000022ae9a30000, 0x0000022ae9ca0000, 0x0000022ae9fd0000]
CodeCache: size=245760Kb, used=33919Kb, max_used=33992Kb, free=211839Kb
 total_blobs=11267, nmethods=10546, adapters=627, full_count=0
Compilation: enabled, stopped_count=0, restarted_count=0

Compilation events (20 events):
Event: 691.832 Thread 0x0000022adf1de060 11454       4       org.eclipse.core.internal.localstore.UnifiedTreeNode::releaseForGc (21 bytes)
Event: 691.832 Thread 0x0000022adf1de060 nmethod 11454 0x0000022aea793910 code [0x0000022aea793aa0, 0x0000022aea793b38]
Event: 691.832 Thread 0x0000022adf1de060 11455       4       org.eclipse.core.runtime.SubMonitor::isCanceled (20 bytes)
Event: 691.833 Thread 0x0000022adf1de060 nmethod 11455 0x0000022aea793c10 code [0x0000022aea793da0, 0x0000022aea793e90]
Event: 691.842 Thread 0x0000022adf253260 11456       3       org.eclipse.core.filesystem.provider.FileStore::childInfos (47 bytes)
Event: 691.842 Thread 0x0000022adf253260 nmethod 11456 0x0000022ae3cf9010 code [0x0000022ae3cf9200, 0x0000022ae3cf9798]
Event: 691.843 Thread 0x0000022adf1de060 11457       4       org.eclipse.core.filesystem.provider.FileInfo::setAttribute (100 bytes)
Event: 691.844 Thread 0x0000022adf253260 11458       3       org.eclipse.core.internal.resources.Resource::filterChildren (37 bytes)
Event: 691.844 Thread 0x0000022adf1de060 nmethod 11457 0x0000022aea793f90 code [0x0000022aea794120, 0x0000022aea794258]
Event: 691.845 Thread 0x0000022adf253260 nmethod 11458 0x0000022ae3cf9990 code [0x0000022ae3cf9ba0, 0x0000022ae3cfa340]
Event: 691.847 Thread 0x0000022adf1de060 11459       4       org.eclipse.core.internal.resources.Resource::exists (24 bytes)
Event: 691.848 Thread 0x0000022adf1de060 nmethod 11459 0x0000022aea794390 code [0x0000022aea794520, 0x0000022aea794610]
Event: 691.860 Thread 0x0000022adf253260 11460       3       java.util.Arrays::sort (24 bytes)
Event: 691.860 Thread 0x0000022adf253260 nmethod 11460 0x0000022ae3cfa590 code [0x0000022ae3cfa740, 0x0000022ae3cfa898]
Event: 691.866 Thread 0x0000022adf253260 11461       3       java.util.concurrent.atomic.AtomicLong::updateAndGet (59 bytes)
Event: 691.867 Thread 0x0000022adf253260 nmethod 11461 0x0000022ae3cfa990 code [0x0000022ae3cfab80, 0x0000022ae3cfb088]
Event: 691.867 Thread 0x0000022adf253260 11462       3       org.eclipse.core.internal.jobs.JobManager::lambda$3 (9 bytes)
Event: 691.867 Thread 0x0000022adf253260 nmethod 11462 0x0000022ae3cfb310 code [0x0000022ae3cfb4c0, 0x0000022ae3cfb6a8]
Event: 776.192 Thread 0x0000022adf253260 11463       3       java.util.concurrent.ThreadPoolExecutor$Worker::tryAcquire (20 bytes)
Event: 776.193 Thread 0x0000022adf253260 nmethod 11463 0x0000022ae3cfb790 code [0x0000022ae3cfb940, 0x0000022ae3cfbb48]

GC Heap History (20 events):
Event: 112.356 GC heap before
{Heap before GC invocations=66 (full 2):
 PSYoungGen      total 15872K, used 15680K [0x00000000d5580000, 0x00000000d6600000, 0x0000000100000000)
  eden space 15360K, 100% used [0x00000000d5580000,0x00000000d6480000,0x00000000d6480000)
  from space 512K, 62% used [0x00000000d6480000,0x00000000d64d0000,0x00000000d6500000)
  to   space 512K, 0% used [0x00000000d6580000,0x00000000d6580000,0x00000000d6600000)
 ParOldGen       total 68608K, used 68222K [0x0000000080000000, 0x0000000084300000, 0x00000000d5580000)
  object space 68608K, 99% used [0x0000000080000000,0x000000008429f8c0,0x0000000084300000)
 Metaspace       used 57843K, committed 59264K, reserved 1114112K
  class space    used 6124K, committed 6720K, reserved 1048576K
}
Event: 112.361 GC heap after
{Heap after GC invocations=66 (full 2):
 PSYoungGen      total 15360K, used 494K [0x00000000d5580000, 0x00000000d6780000, 0x0000000100000000)
  eden space 14848K, 0% used [0x00000000d5580000,0x00000000d5580000,0x00000000d6400000)
  from space 512K, 96% used [0x00000000d6580000,0x00000000d65fba08,0x00000000d6600000)
  to   space 1536K, 0% used [0x00000000d6400000,0x00000000d6400000,0x00000000d6580000)
 ParOldGen       total 69120K, used 68897K [0x0000000080000000, 0x0000000084380000, 0x00000000d5580000)
  object space 69120K, 99% used [0x0000000080000000,0x00000000843487a0,0x0000000084380000)
 Metaspace       used 57843K, committed 59264K, reserved 1114112K
  class space    used 6124K, committed 6720K, reserved 1048576K
}
Event: 112.849 GC heap before
{Heap before GC invocations=67 (full 2):
 PSYoungGen      total 15360K, used 15342K [0x00000000d5580000, 0x00000000d6780000, 0x0000000100000000)
  eden space 14848K, 100% used [0x00000000d5580000,0x00000000d6400000,0x00000000d6400000)
  from space 512K, 96% used [0x00000000d6580000,0x00000000d65fba08,0x00000000d6600000)
  to   space 1536K, 0% used [0x00000000d6400000,0x00000000d6400000,0x00000000d6580000)
 ParOldGen       total 69120K, used 68897K [0x0000000080000000, 0x0000000084380000, 0x00000000d5580000)
  object space 69120K, 99% used [0x0000000080000000,0x00000000843487a0,0x0000000084380000)
 Metaspace       used 57861K, committed 59264K, reserved 1114112K
  class space    used 6124K, committed 6720K, reserved 1048576K
}
Event: 112.851 GC heap after
{Heap after GC invocations=67 (full 2):
 PSYoungGen      total 15872K, used 937K [0x00000000d5580000, 0x00000000d6600000, 0x0000000100000000)
  eden space 14848K, 0% used [0x00000000d5580000,0x00000000d5580000,0x00000000d6400000)
  from space 1024K, 91% used [0x00000000d6400000,0x00000000d64ea6c8,0x00000000d6500000)
  to   space 1024K, 0% used [0x00000000d6500000,0x00000000d6500000,0x00000000d6600000)
 ParOldGen       total 69632K, used 69232K [0x0000000080000000, 0x0000000084400000, 0x00000000d5580000)
  object space 69632K, 99% used [0x0000000080000000,0x000000008439c2c8,0x0000000084400000)
 Metaspace       used 57861K, committed 59264K, reserved 1114112K
  class space    used 6124K, committed 6720K, reserved 1048576K
}
Event: 112.971 GC heap before
{Heap before GC invocations=68 (full 2):
 PSYoungGen      total 15872K, used 15709K [0x00000000d5580000, 0x00000000d6600000, 0x0000000100000000)
  eden space 14848K, 99% used [0x00000000d5580000,0x00000000d63ed030,0x00000000d6400000)
  from space 1024K, 91% used [0x00000000d6400000,0x00000000d64ea6c8,0x00000000d6500000)
  to   space 1024K, 0% used [0x00000000d6500000,0x00000000d6500000,0x00000000d6600000)
 ParOldGen       total 69632K, used 69232K [0x0000000080000000, 0x0000000084400000, 0x00000000d5580000)
  object space 69632K, 99% used [0x0000000080000000,0x000000008439c2c8,0x0000000084400000)
 Metaspace       used 57865K, committed 59264K, reserved 1114112K
  class space    used 6124K, committed 6720K, reserved 1048576K
}
Event: 112.973 GC heap after
{Heap after GC invocations=68 (full 2):
 PSYoungGen      total 15872K, used 992K [0x00000000d5580000, 0x00000000d6600000, 0x0000000100000000)
  eden space 14848K, 0% used [0x00000000d5580000,0x00000000d5580000,0x00000000d6400000)
  from space 1024K, 96% used [0x00000000d6500000,0x00000000d65f82f8,0x00000000d6600000)
  to   space 1024K, 0% used [0x00000000d6400000,0x00000000d6400000,0x00000000d6500000)
 ParOldGen       total 69632K, used 69400K [0x0000000080000000, 0x0000000084400000, 0x00000000d5580000)
  object space 69632K, 99% used [0x0000000080000000,0x00000000843c62c8,0x0000000084400000)
 Metaspace       used 57865K, committed 59264K, reserved 1114112K
  class space    used 6124K, committed 6720K, reserved 1048576K
}
Event: 113.420 GC heap before
{Heap before GC invocations=69 (full 2):
 PSYoungGen      total 15872K, used 10413K [0x00000000d5580000, 0x00000000d6600000, 0x0000000100000000)
  eden space 14848K, 63% used [0x00000000d5580000,0x00000000d5eb34b0,0x00000000d6400000)
  from space 1024K, 96% used [0x00000000d6500000,0x00000000d65f82f8,0x00000000d6600000)
  to   space 1024K, 0% used [0x00000000d6400000,0x00000000d6400000,0x00000000d6500000)
 ParOldGen       total 69632K, used 69400K [0x0000000080000000, 0x0000000084400000, 0x00000000d5580000)
  object space 69632K, 99% used [0x0000000080000000,0x00000000843c62c8,0x0000000084400000)
 Metaspace       used 59478K, committed 60800K, reserved 1114112K
  class space    used 6296K, committed 6848K, reserved 1048576K
}
Event: 113.422 GC heap after
{Heap after GC invocations=69 (full 2):
 PSYoungGen      total 15872K, used 816K [0x00000000d5580000, 0x00000000d6600000, 0x0000000100000000)
  eden space 14848K, 0% used [0x00000000d5580000,0x00000000d5580000,0x00000000d6400000)
  from space 1024K, 79% used [0x00000000d6400000,0x00000000d64cc180,0x00000000d6500000)
  to   space 1024K, 0% used [0x00000000d6500000,0x00000000d6500000,0x00000000d6600000)
 ParOldGen       total 69632K, used 69416K [0x0000000080000000, 0x0000000084400000, 0x00000000d5580000)
  object space 69632K, 99% used [0x0000000080000000,0x00000000843ca2c8,0x0000000084400000)
 Metaspace       used 59478K, committed 60800K, reserved 1114112K
  class space    used 6296K, committed 6848K, reserved 1048576K
}
Event: 113.422 GC heap before
{Heap before GC invocations=70 (full 3):
 PSYoungGen      total 15872K, used 816K [0x00000000d5580000, 0x00000000d6600000, 0x0000000100000000)
  eden space 14848K, 0% used [0x00000000d5580000,0x00000000d5580000,0x00000000d6400000)
  from space 1024K, 79% used [0x00000000d6400000,0x00000000d64cc180,0x00000000d6500000)
  to   space 1024K, 0% used [0x00000000d6500000,0x00000000d6500000,0x00000000d6600000)
 ParOldGen       total 69632K, used 69416K [0x0000000080000000, 0x0000000084400000, 0x00000000d5580000)
  object space 69632K, 99% used [0x0000000080000000,0x00000000843ca2c8,0x0000000084400000)
 Metaspace       used 59478K, committed 60800K, reserved 1114112K
  class space    used 6296K, committed 6848K, reserved 1048576K
}
Event: 113.620 GC heap after
{Heap after GC invocations=70 (full 3):
 PSYoungGen      total 15872K, used 0K [0x00000000d5580000, 0x00000000d6600000, 0x0000000100000000)
  eden space 14848K, 0% used [0x00000000d5580000,0x00000000d5580000,0x00000000d6400000)
  from space 1024K, 0% used [0x00000000d6400000,0x00000000d6400000,0x00000000d6500000)
  to   space 1024K, 0% used [0x00000000d6500000,0x00000000d6500000,0x00000000d6600000)
 ParOldGen       total 69632K, used 53048K [0x0000000080000000, 0x0000000084400000, 0x00000000d5580000)
  object space 69632K, 76% used [0x0000000080000000,0x00000000833ce380,0x0000000084400000)
 Metaspace       used 59478K, committed 60800K, reserved 1114112K
  class space    used 6296K, committed 6848K, reserved 1048576K
}
Event: 115.693 GC heap before
{Heap before GC invocations=71 (full 3):
 PSYoungGen      total 15872K, used 14848K [0x00000000d5580000, 0x00000000d6600000, 0x0000000100000000)
  eden space 14848K, 100% used [0x00000000d5580000,0x00000000d6400000,0x00000000d6400000)
  from space 1024K, 0% used [0x00000000d6400000,0x00000000d6400000,0x00000000d6500000)
  to   space 1024K, 0% used [0x00000000d6500000,0x00000000d6500000,0x00000000d6600000)
 ParOldGen       total 69632K, used 53048K [0x0000000080000000, 0x0000000084400000, 0x00000000d5580000)
  object space 69632K, 76% used [0x0000000080000000,0x00000000833ce380,0x0000000084400000)
 Metaspace       used 60071K, committed 61504K, reserved 1114112K
  class space    used 6348K, committed 6976K, reserved 1048576K
}
Event: 115.698 GC heap after
{Heap after GC invocations=71 (full 3):
 PSYoungGen      total 15872K, used 862K [0x00000000d5580000, 0x00000000d6600000, 0x0000000100000000)
  eden space 14848K, 0% used [0x00000000d5580000,0x00000000d5580000,0x00000000d6400000)
  from space 1024K, 84% used [0x00000000d6500000,0x00000000d65d79b8,0x00000000d6600000)
  to   space 1024K, 0% used [0x00000000d6400000,0x00000000d6400000,0x00000000d6500000)
 ParOldGen       total 69632K, used 53056K [0x0000000080000000, 0x0000000084400000, 0x00000000d5580000)
  object space 69632K, 76% used [0x0000000080000000,0x00000000833d0380,0x0000000084400000)
 Metaspace       used 60071K, committed 61504K, reserved 1114112K
  class space    used 6348K, committed 6976K, reserved 1048576K
}
Event: 671.243 GC heap before
{Heap before GC invocations=72 (full 3):
 PSYoungGen      total 15872K, used 15710K [0x00000000d5580000, 0x00000000d6600000, 0x0000000100000000)
  eden space 14848K, 100% used [0x00000000d5580000,0x00000000d6400000,0x00000000d6400000)
  from space 1024K, 84% used [0x00000000d6500000,0x00000000d65d79b8,0x00000000d6600000)
  to   space 1024K, 0% used [0x00000000d6400000,0x00000000d6400000,0x00000000d6500000)
 ParOldGen       total 69632K, used 53056K [0x0000000080000000, 0x0000000084400000, 0x00000000d5580000)
  object space 69632K, 76% used [0x0000000080000000,0x00000000833d0380,0x0000000084400000)
 Metaspace       used 61017K, committed 62400K, reserved 1114112K
  class space    used 6443K, committed 7040K, reserved 1048576K
}
Event: 671.344 GC heap after
{Heap after GC invocations=72 (full 3):
 PSYoungGen      total 15872K, used 992K [0x00000000d5580000, 0x00000000d7400000, 0x0000000100000000)
  eden space 14848K, 0% used [0x00000000d5580000,0x00000000d5580000,0x00000000d6400000)
  from space 1024K, 96% used [0x00000000d6400000,0x00000000d64f8020,0x00000000d6500000)
  to   space 8192K, 0% used [0x00000000d6c00000,0x00000000d6c00000,0x00000000d7400000)
 ParOldGen       total 69632K, used 58932K [0x0000000080000000, 0x0000000084400000, 0x00000000d5580000)
  object space 69632K, 84% used [0x0000000080000000,0x000000008398d1d0,0x0000000084400000)
 Metaspace       used 61017K, committed 62400K, reserved 1114112K
  class space    used 6443K, committed 7040K, reserved 1048576K
}
Event: 672.550 GC heap before
{Heap before GC invocations=73 (full 3):
 PSYoungGen      total 15872K, used 15840K [0x00000000d5580000, 0x00000000d7400000, 0x0000000100000000)
  eden space 14848K, 100% used [0x00000000d5580000,0x00000000d6400000,0x00000000d6400000)
  from space 1024K, 96% used [0x00000000d6400000,0x00000000d64f8020,0x00000000d6500000)
  to   space 8192K, 0% used [0x00000000d6c00000,0x00000000d6c00000,0x00000000d7400000)
 ParOldGen       total 69632K, used 58932K [0x0000000080000000, 0x0000000084400000, 0x00000000d5580000)
  object space 69632K, 84% used [0x0000000080000000,0x000000008398d1d0,0x0000000084400000)
 Metaspace       used 61839K, committed 63232K, reserved 1114112K
  class space    used 6548K, committed 7168K, reserved 1048576K
}
Event: 672.562 GC heap after
{Heap after GC invocations=73 (full 3):
 PSYoungGen      total 16384K, used 1376K [0x00000000d5580000, 0x00000000d6d80000, 0x0000000100000000)
  eden space 14848K, 0% used [0x00000000d5580000,0x00000000d5580000,0x00000000d6400000)
  from space 1536K, 89% used [0x00000000d6c00000,0x00000000d6d58000,0x00000000d6d80000)
  to   space 3584K, 0% used [0x00000000d6680000,0x00000000d6680000,0x00000000d6a00000)
 ParOldGen       total 69632K, used 59854K [0x0000000080000000, 0x0000000084400000, 0x00000000d5580000)
  object space 69632K, 85% used [0x0000000080000000,0x0000000083a73810,0x0000000084400000)
 Metaspace       used 61839K, committed 63232K, reserved 1114112K
  class space    used 6548K, committed 7168K, reserved 1048576K
}
Event: 673.201 GC heap before
{Heap before GC invocations=74 (full 3):
 PSYoungGen      total 16384K, used 16224K [0x00000000d5580000, 0x00000000d6d80000, 0x0000000100000000)
  eden space 14848K, 100% used [0x00000000d5580000,0x00000000d6400000,0x00000000d6400000)
  from space 1536K, 89% used [0x00000000d6c00000,0x00000000d6d58000,0x00000000d6d80000)
  to   space 3584K, 0% used [0x00000000d6680000,0x00000000d6680000,0x00000000d6a00000)
 ParOldGen       total 93184K, used 90574K [0x0000000080000000, 0x0000000085b00000, 0x00000000d5580000)
  object space 93184K, 97% used [0x0000000080000000,0x0000000085873840,0x0000000085b00000)
 Metaspace       used 62508K, committed 64000K, reserved 1114112K
  class space    used 6619K, committed 7232K, reserved 1048576K
}
Event: 673.207 GC heap after
{Heap after GC invocations=74 (full 3):
 PSYoungGen      total 18432K, used 805K [0x00000000d5580000, 0x00000000d6c80000, 0x0000000100000000)
  eden space 14848K, 0% used [0x00000000d5580000,0x00000000d5580000,0x00000000d6400000)
  from space 3584K, 22% used [0x00000000d6680000,0x00000000d6749420,0x00000000d6a00000)
  to   space 1536K, 0% used [0x00000000d6b00000,0x00000000d6b00000,0x00000000d6c80000)
 ParOldGen       total 93184K, used 91582K [0x0000000080000000, 0x0000000085b00000, 0x00000000d5580000)
  object space 93184K, 98% used [0x0000000080000000,0x000000008596f840,0x0000000085b00000)
 Metaspace       used 62508K, committed 64000K, reserved 1114112K
  class space    used 6619K, committed 7232K, reserved 1048576K
}
Event: 685.400 GC heap before
{Heap before GC invocations=75 (full 3):
 PSYoungGen      total 18432K, used 15653K [0x00000000d5580000, 0x00000000d6c80000, 0x0000000100000000)
  eden space 14848K, 100% used [0x00000000d5580000,0x00000000d6400000,0x00000000d6400000)
  from space 3584K, 22% used [0x00000000d6680000,0x00000000d6749420,0x00000000d6a00000)
  to   space 1536K, 0% used [0x00000000d6b00000,0x00000000d6b00000,0x00000000d6c80000)
 ParOldGen       total 93184K, used 91582K [0x0000000080000000, 0x0000000085b00000, 0x00000000d5580000)
  object space 93184K, 98% used [0x0000000080000000,0x000000008596f840,0x0000000085b00000)
 Metaspace       used 62834K, committed 64320K, reserved 1114112K
  class space    used 6630K, committed 7296K, reserved 1048576K
}
Event: 685.409 GC heap after
{Heap after GC invocations=75 (full 3):
 PSYoungGen      total 15360K, used 352K [0x00000000d5580000, 0x00000000d6b80000, 0x0000000100000000)
  eden space 14848K, 0% used [0x00000000d5580000,0x00000000d5580000,0x00000000d6400000)
  from space 512K, 68% used [0x00000000d6b00000,0x00000000d6b58020,0x00000000d6b80000)
  to   space 1024K, 0% used [0x00000000d6980000,0x00000000d6980000,0x00000000d6a80000)
 ParOldGen       total 93184K, used 92306K [0x0000000080000000, 0x0000000085b00000, 0x00000000d5580000)
  object space 93184K, 99% used [0x0000000080000000,0x0000000085a249c8,0x0000000085b00000)
 Metaspace       used 62834K, committed 64320K, reserved 1114112K
  class space    used 6630K, committed 7296K, reserved 1048576K
}

Dll operation events (10 events):
Event: 0.069 Loaded shared library c:\Users\VETRI COMPANIES\.vscode\extensions\redhat.java-1.55.0-win32-x64\jre\21.0.11-win32-x86_64\bin\java.dll
Event: 0.514 Loaded shared library c:\Users\VETRI COMPANIES\.vscode\extensions\redhat.java-1.55.0-win32-x64\jre\21.0.11-win32-x86_64\bin\zip.dll
Event: 0.627 Loaded shared library C:\Users\VETRI COMPANIES\.vscode\extensions\redhat.java-1.55.0-win32-x64\jre\21.0.11-win32-x86_64\bin\instrument.dll
Event: 0.636 Loaded shared library C:\Users\VETRI COMPANIES\.vscode\extensions\redhat.java-1.55.0-win32-x64\jre\21.0.11-win32-x86_64\bin\net.dll
Event: 0.639 Loaded shared library C:\Users\VETRI COMPANIES\.vscode\extensions\redhat.java-1.55.0-win32-x64\jre\21.0.11-win32-x86_64\bin\nio.dll
Event: 0.648 Loaded shared library C:\Users\VETRI COMPANIES\.vscode\extensions\redhat.java-1.55.0-win32-x64\jre\21.0.11-win32-x86_64\bin\zip.dll
Event: 0.747 Loaded shared library C:\Users\VETRI COMPANIES\.vscode\extensions\redhat.java-1.55.0-win32-x64\jre\21.0.11-win32-x86_64\bin\jimage.dll
Event: 1.063 Loaded shared library c:\Users\VETRI COMPANIES\.vscode\extensions\redhat.java-1.55.0-win32-x64\jre\21.0.11-win32-x86_64\bin\verify.dll
Event: 21.806 Loaded shared library C:\Users\VETRI COMPANIES\AppData\Roaming\Code\User\globalStorage\redhat.java\1.55.0\config_win\org.eclipse.equinox.launcher\org.eclipse.equinox.launcher.win32.win32.x86_64_1.3.100.v20260613-0559\eclipse_11924.dll
Event: 55.462 Loaded shared library C:\Users\VETRI COMPANIES\AppData\Local\Temp\jna-447296279\jna10841093784675909730.dll

Deoptimization events (20 events):
Event: 678.283 Thread 0x0000022afc450110 Uncommon trap: trap_request=0xffffffde fr.pc=0x0000022aea52c320 relative=0x0000000000000a60
Event: 678.283 Thread 0x0000022afc450110 Uncommon trap: reason=class_check action=maybe_recompile pc=0x0000022aea52c320 method=java.util.HashMap.computeIfAbsent(Ljava/lang/Object;Ljava/util/function/Function;)Ljava/lang/Object; @ 142 c2
Event: 678.283 Thread 0x0000022afc450110 DEOPT PACKING pc=0x0000022aea52c320 sp=0x000000aac5efd6a0
Event: 678.283 Thread 0x0000022afc450110 DEOPT UNPACKING pc=0x0000022ae9a83aa2 sp=0x000000aac5efd648 mode 2
Event: 678.330 Thread 0x0000022afc450110 DEOPT PACKING pc=0x0000022ae2be43db sp=0x000000aac5efd690
Event: 678.330 Thread 0x0000022afc450110 DEOPT UNPACKING pc=0x0000022ae9a84242 sp=0x000000aac5efcbb0 mode 0
Event: 685.250 Thread 0x0000022afb07da70 DEOPT PACKING pc=0x0000022ae3b50cfd sp=0x000000aac7cfe6e0
Event: 685.250 Thread 0x0000022afb07da70 DEOPT UNPACKING pc=0x0000022ae9a84242 sp=0x000000aac7cfdbb8 mode 0
Event: 685.251 Thread 0x0000022afb07da70 DEOPT PACKING pc=0x0000022ae3b50cfd sp=0x000000aac7cfe650
Event: 685.251 Thread 0x0000022afb07da70 DEOPT UNPACKING pc=0x0000022ae9a84242 sp=0x000000aac7cfdb28 mode 0
Event: 685.283 Thread 0x0000022afb07da70 Uncommon trap: trap_request=0xffffffde fr.pc=0x0000022aea52c320 relative=0x0000000000000a60
Event: 685.283 Thread 0x0000022afb07da70 Uncommon trap: reason=class_check action=maybe_recompile pc=0x0000022aea52c320 method=java.util.HashMap.computeIfAbsent(Ljava/lang/Object;Ljava/util/function/Function;)Ljava/lang/Object; @ 142 c2
Event: 685.283 Thread 0x0000022afb07da70 DEOPT PACKING pc=0x0000022aea52c320 sp=0x000000aac7cfda00
Event: 685.283 Thread 0x0000022afb07da70 DEOPT UNPACKING pc=0x0000022ae9a83aa2 sp=0x000000aac7cfd9a8 mode 2
Event: 685.293 Thread 0x0000022afb07da70 Uncommon trap: trap_request=0xffffff6e fr.pc=0x0000022aea77aedc relative=0x00000000000006fc
Event: 685.293 Thread 0x0000022afb07da70 Uncommon trap: reason=loop_limit_check action=maybe_recompile pc=0x0000022aea77aedc method=org.codehaus.plexus.util.SelectorUtils.matchAntPathPattern([[C[[CZ)Z @ 231 c2
Event: 685.293 Thread 0x0000022afb07da70 DEOPT PACKING pc=0x0000022aea77aedc sp=0x000000aac7cfd870
Event: 685.293 Thread 0x0000022afb07da70 DEOPT UNPACKING pc=0x0000022ae9a83aa2 sp=0x000000aac7cfd7c0 mode 2
Event: 691.711 Thread 0x0000022afc450110 DEOPT PACKING pc=0x0000022ae333680b sp=0x000000aac5efe120
Event: 691.711 Thread 0x0000022afc450110 DEOPT UNPACKING pc=0x0000022ae9a84242 sp=0x000000aac5efd608 mode 0

Classes loaded (20 events):
Event: 669.636 Loading class java/util/stream/DistinctOps$1$2
Event: 669.638 Loading class java/util/stream/DistinctOps$1$2 done
Event: 669.870 Loading class java/util/WeakHashMap$KeyIterator
Event: 669.882 Loading class java/util/WeakHashMap$KeyIterator done
Event: 670.027 Loading class java/nio/charset/CharacterCodingException
Event: 670.029 Loading class java/nio/charset/CharacterCodingException done
Event: 670.030 Loading class java/io/SequenceInputStream
Event: 670.032 Loading class java/io/SequenceInputStream done
Event: 670.683 Loading class java/nio/file/attribute/PosixFileAttributes
Event: 670.683 Loading class java/nio/file/attribute/PosixFileAttributes done
Event: 670.753 Loading class java/nio/file/attribute/PosixFileAttributeView
Event: 670.757 Loading class java/nio/file/attribute/PosixFileAttributeView done
Event: 670.893 Loading class java/nio/file/DirectoryIteratorException
Event: 670.894 Loading class java/nio/file/DirectoryIteratorException done
Event: 671.062 Loading class java/util/zip/CheckedInputStream
Event: 671.063 Loading class java/util/zip/CheckedInputStream done
Event: 673.143 Loading class java/nio/BufferMismatch
Event: 673.144 Loading class java/nio/BufferMismatch done
Event: 673.277 Loading class java/util/ImmutableCollections$SubList
Event: 673.278 Loading class java/util/ImmutableCollections$SubList done

Classes unloaded (7 events):
Event: 57.472 Thread 0x0000022adf1bce80 Unloading class 0x0000022a811a5400 'java/lang/invoke/LambdaForm$MH+0x0000022a811a5400'
Event: 57.472 Thread 0x0000022adf1bce80 Unloading class 0x0000022a811a5000 'java/lang/invoke/LambdaForm$MH+0x0000022a811a5000'
Event: 57.472 Thread 0x0000022adf1bce80 Unloading class 0x0000022a811a4c00 'java/lang/invoke/LambdaForm$MH+0x0000022a811a4c00'
Event: 57.472 Thread 0x0000022adf1bce80 Unloading class 0x0000022a811a4800 'java/lang/invoke/LambdaForm$MH+0x0000022a811a4800'
Event: 57.472 Thread 0x0000022adf1bce80 Unloading class 0x0000022a811a4400 'java/lang/invoke/LambdaForm$BMH+0x0000022a811a4400'
Event: 57.472 Thread 0x0000022adf1bce80 Unloading class 0x0000022a811a4000 'java/lang/invoke/LambdaForm$DMH+0x0000022a811a4000'
Event: 57.472 Thread 0x0000022adf1bce80 Unloading class 0x0000022a811a2c00 'java/lang/invoke/LambdaForm$DMH+0x0000022a811a2c00'

Classes redefined (0 events):
No events

Internal exceptions (20 events):
Event: 113.326 Thread 0x0000022afb07da70 Implicit null exception at 0x0000022aea5652a8 to 0x0000022aea565660
Event: 113.648 Thread 0x0000022afb07da70 Exception <a 'java/lang/NoSuchMethodError'{0x00000000d5696b20}: 'java.lang.Object java.lang.invoke.DirectMethodHandle$Holder.invokeStatic(java.lang.Object, java.lang.Object, int, java.lang.Object)'> (0x00000000d5696b20) 
thrown [s\src\hotspot\share\interpreter\linkResolver.cpp, line 773]
Event: 113.648 Thread 0x0000022afb07da70 Exception <a 'java/lang/NoSuchMethodError'{0x00000000d569d150}: 'java.lang.Object java.lang.invoke.DirectMethodHandle$Holder.newInvokeSpecial(java.lang.Object, java.lang.Object, int)'> (0x00000000d569d150) 
thrown [s\src\hotspot\share\interpreter\linkResolver.cpp, line 773]
Event: 669.794 Thread 0x0000022afc453590 Exception <a 'sun/nio/fs/WindowsException'{0x00000000d56b2f28}> (0x00000000d56b2f28) 
thrown [s\src\hotspot\share\prims\jni.cpp, line 520]
Event: 669.796 Thread 0x0000022afc453590 Exception <a 'sun/nio/fs/WindowsException'{0x00000000d56b3d68}> (0x00000000d56b3d68) 
thrown [s\src\hotspot\share\prims\jni.cpp, line 520]
Event: 670.092 Thread 0x0000022afc453590 Exception <a 'java/io/FileNotFoundException'{0x00000000d58662c8}> (0x00000000d58662c8) 
thrown [s\src\hotspot\share\prims\jni.cpp, line 520]
Event: 670.092 Thread 0x0000022afc453590 Exception <a 'java/io/FileNotFoundException'{0x00000000d5867330}> (0x00000000d5867330) 
thrown [s\src\hotspot\share\prims\jni.cpp, line 520]
Event: 670.612 Thread 0x0000022afb07da70 Exception <a 'java/io/FileNotFoundException'{0x00000000d5948f30}> (0x00000000d5948f30) 
thrown [s\src\hotspot\share\prims\jni.cpp, line 520]
Event: 670.613 Thread 0x0000022afb07da70 Exception <a 'java/io/FileNotFoundException'{0x00000000d594a310}> (0x00000000d594a310) 
thrown [s\src\hotspot\share\prims\jni.cpp, line 520]
Event: 670.613 Thread 0x0000022afb07da70 Exception <a 'java/io/FileNotFoundException'{0x00000000d594b378}> (0x00000000d594b378) 
thrown [s\src\hotspot\share\prims\jni.cpp, line 520]
Event: 671.651 Thread 0x0000022afb07da70 Exception <a 'java/lang/NoSuchMethodError'{0x00000000d5950e28}: 'java.lang.Object java.lang.invoke.DirectMethodHandle$Holder.newInvokeSpecial(java.lang.Object, java.lang.Object, int, java.lang.Object, java.lang.Object)'> (0x00000000d5950e28) 
thrown [s\src\hotspot\share\interpreter\linkResolver.cpp, line 773]
Event: 671.666 Thread 0x0000022afb07da70 Exception <a 'java/lang/NoSuchMethodError'{0x00000000d5970ef0}: 'java.lang.Object java.lang.invoke.DirectMethodHandle$Holder.invokeSpecial(java.lang.Object, java.lang.Object, java.lang.Object, int, java.lang.Object, java.lang.Object, java.lang.Object)'> (0x00000000d5970ef0) 
thrown [s\src\hotspot\share\interpreter\linkResolver.cpp, line 773]
Event: 671.669 Thread 0x0000022afb07da70 Exception <a 'java/lang/NoSuchMethodError'{0x00000000d5978b00}: 'java.lang.Object java.lang.invoke.DirectMethodHandle$Holder.invokeStatic(java.lang.Object, java.lang.Object, int, java.lang.Object, java.lang.Object)'> (0x00000000d5978b00) 
thrown [s\src\hotspot\share\interpreter\linkResolver.cpp, line 773]
Event: 671.733 Thread 0x0000022afb07da70 Exception <a 'java/lang/NoSuchMethodError'{0x00000000d59f9278}: 'void java.lang.invoke.DirectMethodHandle$Holder.invokeStatic(java.lang.Object, int)'> (0x00000000d59f9278) 
thrown [s\src\hotspot\share\interpreter\linkResolver.cpp, line 773]
Event: 672.430 Thread 0x0000022afb07da70 Exception <a 'java/io/FileNotFoundException'{0x00000000d60b6710}> (0x00000000d60b6710) 
thrown [s\src\hotspot\share\prims\jni.cpp, line 520]
Event: 672.430 Thread 0x0000022afb07da70 Exception <a 'java/io/FileNotFoundException'{0x00000000d60b79f8}> (0x00000000d60b79f8) 
thrown [s\src\hotspot\share\prims\jni.cpp, line 520]
Event: 672.430 Thread 0x0000022afb07da70 Exception <a 'java/io/FileNotFoundException'{0x00000000d60b8a40}> (0x00000000d60b8a40) 
thrown [s\src\hotspot\share\prims\jni.cpp, line 520]
Event: 672.500 Thread 0x0000022afb07da70 Implicit null exception at 0x0000022aea51e115 to 0x0000022aea51e728
Event: 672.785 Thread 0x0000022afb07da70 Implicit null exception at 0x0000022aea32e928 to 0x0000022aea32f760
Event: 672.791 Thread 0x0000022afb07da70 Implicit null exception at 0x0000022aea561aba to 0x0000022aea561c70

ZGC Phase Switch (0 events):
No events

VM Operations (20 events):
Event: 673.201 Executing safepoint VM operation: ParallelGCFailedAllocation (Allocation Failure)
Event: 673.207 Executing safepoint VM operation: ParallelGCFailedAllocation (Allocation Failure) done
Event: 674.215 Executing safepoint VM operation: Cleanup
Event: 674.215 Executing safepoint VM operation: Cleanup done
Event: 678.229 Executing safepoint VM operation: Cleanup
Event: 678.230 Executing safepoint VM operation: Cleanup done
Event: 679.237 Executing safepoint VM operation: Cleanup
Event: 679.237 Executing safepoint VM operation: Cleanup done
Event: 685.254 Executing safepoint VM operation: Cleanup
Event: 685.264 Executing safepoint VM operation: Cleanup done
Event: 685.400 Executing safepoint VM operation: ParallelGCFailedAllocation (Allocation Failure)
Event: 685.409 Executing safepoint VM operation: ParallelGCFailedAllocation (Allocation Failure) done
Event: 686.410 Executing safepoint VM operation: Cleanup
Event: 686.410 Executing safepoint VM operation: Cleanup done
Event: 692.458 Executing safepoint VM operation: Cleanup
Event: 692.458 Executing safepoint VM operation: Cleanup done
Event: 721.895 Executing non-safepoint VM operation: HandshakeAllThreads (HandshakeForDeflation)
Event: 721.896 Executing non-safepoint VM operation: HandshakeAllThreads (HandshakeForDeflation) done
Event: 721.896 Executing non-safepoint VM operation: RendezvousGCThreads
Event: 721.896 Executing non-safepoint VM operation: RendezvousGCThreads done

Memory protections (0 events):
No events

Nmethod flushes (20 events):
Event: 113.486 Thread 0x0000022adf1bce80 flushing  nmethod 0x0000022ae2eb4290
Event: 113.486 Thread 0x0000022adf1bce80 flushing  nmethod 0x0000022ae2eb5810
Event: 113.486 Thread 0x0000022adf1bce80 flushing  nmethod 0x0000022ae2eb5e10
Event: 113.486 Thread 0x0000022adf1bce80 flushing  nmethod 0x0000022ae2eb9390
Event: 113.486 Thread 0x0000022adf1bce80 flushing  nmethod 0x0000022ae2ec6c10
Event: 113.486 Thread 0x0000022adf1bce80 flushing  nmethod 0x0000022ae2ec7190
Event: 113.486 Thread 0x0000022adf1bce80 flushing  nmethod 0x0000022ae2ecca90
Event: 113.486 Thread 0x0000022adf1bce80 flushing  nmethod 0x0000022ae2ed8710
Event: 113.486 Thread 0x0000022adf1bce80 flushing  nmethod 0x0000022ae2edec10
Event: 113.486 Thread 0x0000022adf1bce80 flushing  nmethod 0x0000022ae2ee0990
Event: 113.486 Thread 0x0000022adf1bce80 flushing  nmethod 0x0000022ae2f1f210
Event: 113.486 Thread 0x0000022adf1bce80 flushing  nmethod 0x0000022ae2f23790
Event: 113.486 Thread 0x0000022adf1bce80 flushing  nmethod 0x0000022ae2f24a10
Event: 113.486 Thread 0x0000022adf1bce80 flushing  nmethod 0x0000022ae2f25010
Event: 113.486 Thread 0x0000022adf1bce80 flushing  nmethod 0x0000022ae2f25890
Event: 113.486 Thread 0x0000022adf1bce80 flushing  nmethod 0x0000022ae2f25e90
Event: 113.486 Thread 0x0000022adf1bce80 flushing  nmethod 0x0000022ae2f28990
Event: 113.486 Thread 0x0000022adf1bce80 flushing  nmethod 0x0000022ae2f29110
Event: 113.486 Thread 0x0000022adf1bce80 flushing  nmethod 0x0000022ae2f2a610
Event: 113.486 Thread 0x0000022adf1bce80 flushing  nmethod 0x0000022ae2f2a990

Events (20 events):
Event: 164.078 Thread 0x0000022afb07d3e0 Thread exited: 0x0000022afb07d3e0
Event: 164.079 Thread 0x0000022afb07c6c0 Thread exited: 0x0000022afb07c6c0
Event: 169.767 Thread 0x0000022afc450110 Thread exited: 0x0000022afc450110
Event: 170.040 Thread 0x0000022afc456a10 Thread exited: 0x0000022afc456a10
Event: 230.068 Thread 0x0000022afc44fa80 Thread exited: 0x0000022afc44fa80
Event: 290.060 Thread 0x0000022afc44f3f0 Thread exited: 0x0000022afc44f3f0
Event: 374.178 Thread 0x0000022afc456380 Thread exited: 0x0000022afc456380
Event: 672.509 Thread 0x0000022afb07da70 Thread added: 0x0000022afc456380
Event: 672.510 Thread 0x0000022afb07da70 Thread added: 0x0000022afc450110
Event: 672.510 Thread 0x0000022afb07da70 Thread added: 0x0000022afc44f3f0
Event: 672.510 Thread 0x0000022afb07da70 Thread added: 0x0000022afc44fa80
Event: 672.510 Thread 0x0000022afb07da70 Thread added: 0x0000022afc456a10
Event: 672.757 Thread 0x0000022afc450110 Thread exited: 0x0000022afc450110
Event: 672.758 Thread 0x0000022afc456a10 Thread exited: 0x0000022afc456a10
Event: 672.758 Thread 0x0000022afc456380 Thread exited: 0x0000022afc456380
Event: 672.758 Thread 0x0000022afc44fa80 Thread exited: 0x0000022afc44fa80
Event: 672.758 Thread 0x0000022afc44f3f0 Thread exited: 0x0000022afc44f3f0
Event: 673.118 Thread 0x0000022afc452870 Thread added: 0x0000022afc450110
Event: 674.185 Thread 0x0000022afc4542b0 Thread exited: 0x0000022afc4542b0
Event: 751.709 Thread 0x0000022afb07da70 Thread exited: 0x0000022afb07da70


Dynamic libraries:
0x00007ff7a7dd0000 - 0x00007ff7a7dde000 	c:\Users\VETRI COMPANIES\.vscode\extensions\redhat.java-1.55.0-win32-x64\jre\21.0.11-win32-x86_64\bin\java.exe
0x00007ffadafa0000 - 0x00007ffadb1a9000 	C:\Windows\SYSTEM32\ntdll.dll
0x00007ffadac30000 - 0x00007ffadaced000 	C:\Windows\System32\KERNEL32.DLL
0x00007ffad8430000 - 0x00007ffad87b4000 	C:\Windows\System32\KERNELBASE.dll
0x00007ffad8c60000 - 0x00007ffad8d71000 	C:\Windows\System32\ucrtbase.dll
0x00007ffac6010000 - 0x00007ffac6028000 	c:\Users\VETRI COMPANIES\.vscode\extensions\redhat.java-1.55.0-win32-x64\jre\21.0.11-win32-x86_64\bin\jli.dll
0x00007ffad9810000 - 0x00007ffad99bd000 	C:\Windows\System32\USER32.dll
0x00007ffad87c0000 - 0x00007ffad87e6000 	C:\Windows\System32\win32u.dll
0x00007ffadaf30000 - 0x00007ffadaf5a000 	C:\Windows\System32\GDI32.dll
0x00007ffad89e0000 - 0x00007ffad8afe000 	C:\Windows\System32\gdi32full.dll
0x00007ffad8bc0000 - 0x00007ffad8c5d000 	C:\Windows\System32\msvcp_win.dll
0x00007ffab71c0000 - 0x00007ffab71de000 	c:\Users\VETRI COMPANIES\.vscode\extensions\redhat.java-1.55.0-win32-x64\jre\21.0.11-win32-x86_64\bin\VCRUNTIME140.dll
0x00007ffac4660000 - 0x00007ffac4905000 	C:\Windows\WinSxS\amd64_microsoft.windows.common-controls_6595b64144ccf1df_6.0.22000.120_none_9d947278b86cc467\COMCTL32.dll
0x00007ffad9ab0000 - 0x00007ffad9b53000 	C:\Windows\System32\msvcrt.dll
0x00007ffadacf0000 - 0x00007ffadad21000 	C:\Windows\System32\IMM32.DLL
0x00007ffaceec0000 - 0x00007ffaceecc000 	c:\Users\VETRI COMPANIES\.vscode\extensions\redhat.java-1.55.0-win32-x64\jre\21.0.11-win32-x86_64\bin\vcruntime140_1.dll
0x00007ffa9dae0000 - 0x00007ffa9db6d000 	c:\Users\VETRI COMPANIES\.vscode\extensions\redhat.java-1.55.0-win32-x64\jre\21.0.11-win32-x86_64\bin\msvcp140.dll
0x00007ff9f5c40000 - 0x00007ff9f69e2000 	c:\Users\VETRI COMPANIES\.vscode\extensions\redhat.java-1.55.0-win32-x64\jre\21.0.11-win32-x86_64\bin\server\jvm.dll
0x00007ffadab10000 - 0x00007ffadabbe000 	C:\Windows\System32\ADVAPI32.dll
0x00007ffad9fe0000 - 0x00007ffada07e000 	C:\Windows\System32\sechost.dll
0x00007ffada080000 - 0x00007ffada1a1000 	C:\Windows\System32\RPCRT4.dll
0x00007ffad8f50000 - 0x00007ffad8fbf000 	C:\Windows\System32\WS2_32.dll
0x00007ffad8300000 - 0x00007ffad834d000 	C:\Windows\SYSTEM32\POWRPROF.dll
0x00007ffad17d0000 - 0x00007ffad1803000 	C:\Windows\SYSTEM32\WINMM.dll
0x00007ffac89e0000 - 0x00007ffac89ea000 	C:\Windows\SYSTEM32\VERSION.dll
0x00007ffad8230000 - 0x00007ffad8243000 	C:\Windows\SYSTEM32\UMPDC.dll
0x00007ffad7460000 - 0x00007ffad7478000 	C:\Windows\SYSTEM32\kernel.appcore.dll
0x00007ffac7710000 - 0x00007ffac771a000 	c:\Users\VETRI COMPANIES\.vscode\extensions\redhat.java-1.55.0-win32-x64\jre\21.0.11-win32-x86_64\bin\jimage.dll
0x00007ffad5d80000 - 0x00007ffad5fa1000 	C:\Windows\SYSTEM32\DBGHELP.DLL
0x00007ffabf570000 - 0x00007ffabf5a1000 	C:\Windows\SYSTEM32\dbgcore.DLL
0x00007ffad8960000 - 0x00007ffad89df000 	C:\Windows\System32\bcryptPrimitives.dll
0x00007ffac6c00000 - 0x00007ffac6c0f000 	c:\Users\VETRI COMPANIES\.vscode\extensions\redhat.java-1.55.0-win32-x64\jre\21.0.11-win32-x86_64\bin\instrument.dll
0x00007ffab3b20000 - 0x00007ffab3b40000 	c:\Users\VETRI COMPANIES\.vscode\extensions\redhat.java-1.55.0-win32-x64\jre\21.0.11-win32-x86_64\bin\java.dll
0x00007ffad9040000 - 0x00007ffad9805000 	C:\Windows\System32\SHELL32.dll
0x00007ffad64c0000 - 0x00007ffad6d22000 	C:\Windows\SYSTEM32\windows.storage.dll
0x00007ffada1b0000 - 0x00007ffada526000 	C:\Windows\System32\combase.dll
0x00007ffad6350000 - 0x00007ffad64b7000 	C:\Windows\SYSTEM32\wintypes.dll
0x00007ffad8df0000 - 0x00007ffad8eda000 	C:\Windows\System32\SHCORE.dll
0x00007ffadae70000 - 0x00007ffadaecd000 	C:\Windows\System32\shlwapi.dll
0x00007ffad8360000 - 0x00007ffad8385000 	C:\Windows\SYSTEM32\profapi.dll
0x00007ffab3b00000 - 0x00007ffab3b18000 	c:\Users\VETRI COMPANIES\.vscode\extensions\redhat.java-1.55.0-win32-x64\jre\21.0.11-win32-x86_64\bin\zip.dll
0x00007ffac6bb0000 - 0x00007ffac6bc0000 	C:\Users\VETRI COMPANIES\.vscode\extensions\redhat.java-1.55.0-win32-x64\jre\21.0.11-win32-x86_64\bin\net.dll
0x00007ffad0f90000 - 0x00007ffad10a4000 	C:\Windows\SYSTEM32\WINHTTP.dll
0x00007ffad7900000 - 0x00007ffad7967000 	C:\Windows\system32\mswsock.dll
0x00007ffab3ae0000 - 0x00007ffab3af6000 	C:\Users\VETRI COMPANIES\.vscode\extensions\redhat.java-1.55.0-win32-x64\jre\21.0.11-win32-x86_64\bin\nio.dll
0x00007ffabe700000 - 0x00007ffabe710000 	c:\Users\VETRI COMPANIES\.vscode\extensions\redhat.java-1.55.0-win32-x64\jre\21.0.11-win32-x86_64\bin\verify.dll
0x00007ffaa6600000 - 0x00007ffaa6645000 	C:\Users\VETRI COMPANIES\AppData\Roaming\Code\User\globalStorage\redhat.java\1.55.0\config_win\org.eclipse.equinox.launcher\org.eclipse.equinox.launcher.win32.win32.x86_64_1.3.100.v20260613-0559\eclipse_11924.dll
0x00007ffad9d30000 - 0x00007ffad9eca000 	C:\Windows\System32\ole32.dll
0x00007ffad7bd0000 - 0x00007ffad7be8000 	C:\Windows\SYSTEM32\CRYPTSP.dll
0x00007ffad73c0000 - 0x00007ffad73f5000 	C:\Windows\system32\rsaenh.dll
0x00007ffad79a0000 - 0x00007ffad79cc000 	C:\Windows\SYSTEM32\USERENV.dll
0x00007ffad7d10000 - 0x00007ffad7d37000 	C:\Windows\SYSTEM32\bcrypt.dll
0x00007ffad7af0000 - 0x00007ffad7afc000 	C:\Windows\SYSTEM32\CRYPTBASE.dll
0x00007ffad6f80000 - 0x00007ffad6fad000 	C:\Windows\SYSTEM32\IPHLPAPI.DLL
0x00007ffad9fd0000 - 0x00007ffad9fd9000 	C:\Windows\System32\NSI.dll
0x00007ffaa24b0000 - 0x00007ffaa24f9000 	C:\Users\VETRI COMPANIES\AppData\Local\Temp\jna-447296279\jna10841093784675909730.dll
0x00007ffadad40000 - 0x00007ffadad48000 	C:\Windows\System32\PSAPI.DLL
0x00007ffad0ae0000 - 0x00007ffad0af9000 	C:\Windows\SYSTEM32\dhcpcsvc6.DLL
0x00007ffad2100000 - 0x00007ffad211e000 	C:\Windows\SYSTEM32\dhcpcsvc.DLL

JVMTI agents:
c:\Users\VETRI COMPANIES\.vscode\extensions\redhat.java-1.55.0-win32-x64\lombok\lombok-1.18.39-4050.jar path:c:\Users\VETRI COMPANIES\.vscode\extensions\redhat.java-1.55.0-win32-x64\jre\21.0.11-win32-x86_64\bin\instrument.dll, loaded, initialized, instrumentlib options:none

dbghelp: loaded successfully - version: 4.0.5 - missing functions: none
symbol engine: initialized successfully - sym options: 0x614 - pdb path: .;c:\Users\VETRI COMPANIES\.vscode\extensions\redhat.java-1.55.0-win32-x64\jre\21.0.11-win32-x86_64\bin;C:\Windows\SYSTEM32;C:\Windows\WinSxS\amd64_microsoft.windows.common-controls_6595b64144ccf1df_6.0.22000.120_none_9d947278b86cc467;c:\Users\VETRI COMPANIES\.vscode\extensions\redhat.java-1.55.0-win32-x64\jre\21.0.11-win32-x86_64\bin\server;C:\Users\VETRI COMPANIES\AppData\Roaming\Code\User\globalStorage\redhat.java\1.55.0\config_win\org.eclipse.equinox.launcher\org.eclipse.equinox.launcher.win32.win32.x86_64_1.3.100.v20260613-0559;C:\Users\VETRI COMPANIES\AppData\Local\Temp\jna-447296279

VM Arguments:
jvm_args: --add-modules=ALL-SYSTEM --add-opens=java.base/java.util=ALL-UNNAMED --add-opens=java.base/java.lang=ALL-UNNAMED --add-opens=java.base/sun.nio.fs=ALL-UNNAMED -Declipse.application=org.eclipse.jdt.ls.core.id1 -Dosgi.bundles.defaultStartLevel=4 -Declipse.product=org.eclipse.jdt.ls.core.product -Djava.import.generatesMetadataFilesAtProjectRoot=false -DDetectVMInstallationsJob.disabled=true -Dfile.encoding=utf8 -XX:+UseParallelGC -XX:GCTimeRatio=4 -XX:AdaptiveSizePolicyWeight=90 -Dsun.zip.disableMemoryMapping=true -Xmx2G -Xms100m -Xlog:disable -javaagent:c:\Users\VETRI COMPANIES\.vscode\extensions\redhat.java-1.55.0-win32-x64\lombok\lombok-1.18.39-4050.jar -XX:+HeapDumpOnOutOfMemoryError -XX:HeapDumpPath=c:\Users\VETRI COMPANIES\AppData\Roaming\Code\User\workspaceStorage\f945bfe1eab8b0b842f21b4bc0ca246c\redhat.java -Daether.dependencyCollector.impl=bf 
java_command: c:\Users\VETRI COMPANIES\.vscode\extensions\redhat.java-1.55.0-win32-x64\server\plugins\org.eclipse.equinox.launcher_1.7.200.v20260619-2039.jar -configuration c:\Users\VETRI COMPANIES\AppData\Roaming\Code\User\globalStorage\redhat.java\1.55.0\config_win -data c:\Users\VETRI COMPANIES\AppData\Roaming\Code\User\workspaceStorage\f945bfe1eab8b0b842f21b4bc0ca246c\redhat.java\jdt_ws --pipe=\\.\pipe\lsp-e8cd6704782a7972adc14e29aa743e00-sock
java_class_path (initial): c:\Users\VETRI COMPANIES\.vscode\extensions\redhat.java-1.55.0-win32-x64\server\plugins\org.eclipse.equinox.launcher_1.7.200.v20260619-2039.jar
Launcher Type: SUN_STANDARD

[Global flags]
    uintx AdaptiveSizePolicyWeight                 = 90                                        {product} {command line}
     intx CICompilerCount                          = 3                                         {product} {ergonomic}
    uintx GCTimeRatio                              = 4                                         {product} {command line}
     bool HeapDumpOnOutOfMemoryError               = true                                   {manageable} {command line}
    ccstr HeapDumpPath                             = c:\Users\VETRI COMPANIES\AppData\Roaming\Code\User\workspaceStorage\f945bfe1eab8b0b842f21b4bc0ca246c\redhat.java         {manageable} {command line}
   size_t InitialHeapSize                          = 104857600                                 {product} {command line}
   size_t MaxHeapSize                              = 2147483648                                {product} {command line}
   size_t MaxNewSize                               = 715653120                                 {product} {ergonomic}
   size_t MinHeapDeltaBytes                        = 524288                                    {product} {ergonomic}
   size_t MinHeapSize                              = 104857600                                 {product} {command line}
   size_t NewSize                                  = 34603008                                  {product} {ergonomic}
    uintx NonNMethodCodeHeapSize                   = 5832780                                {pd product} {ergonomic}
    uintx NonProfiledCodeHeapSize                  = 122912730                              {pd product} {ergonomic}
   size_t OldSize                                  = 70254592                                  {product} {ergonomic}
    uintx ProfiledCodeHeapSize                     = 122912730                              {pd product} {ergonomic}
    uintx ReservedCodeCacheSize                    = 251658240                              {pd product} {ergonomic}
     bool SegmentedCodeCache                       = true                                      {product} {ergonomic}
   size_t SoftMaxHeapSize                          = 2147483648                             {manageable} {ergonomic}
     bool UseCompressedOops                        = true                           {product lp64_product} {ergonomic}
     bool UseLargePagesIndividualAllocation        = false                                  {pd product} {ergonomic}
     bool UseParallelGC                            = true                                      {product} {command line}

Logging:
Log output configuration:
 #0: stdout all=off uptime,level,tags foldmultilines=false
 #1: stderr all=off uptime,level,tags foldmultilines=false

Release file:
JAVA_VERSION="21.0.11" 
MODULES="java.base java.compiler java.datatransfer java.xml java.prefs java.desktop java.instrument java.logging java.management java.security.sasl java.naming java.rmi java.management.rmi java.net.http java.scripting java.security.jgss java.transaction.xa java.sql java.sql.rowset java.xml.crypto java.se java.smartcardio jdk.accessibility jdk.internal.jvmstat jdk.attach jdk.charsets jdk.internal.opt jdk.zipfs jdk.compiler jdk.crypto.ec jdk.crypto.cryptoki jdk.crypto.mscapi jdk.dynalink jdk.internal.ed jdk.editpad jdk.hotspot.agent jdk.httpserver jdk.internal.le jdk.internal.vm.ci jdk.internal.vm.compiler jdk.internal.vm.compiler.management jdk.jartool jdk.javadoc jdk.jcmd jdk.management jdk.management.agent jdk.jconsole jdk.jdeps jdk.jdwp.agent jdk.jdi jdk.jfr jdk.jshell jdk.jsobject jdk.jstatd jdk.localedata jdk.management.jfr jdk.naming.dns jdk.naming.rmi jdk.net jdk.nio.mapmode jdk.random jdk.sctp jdk.security.auth jdk.security.jgss jdk.unsupported jdk.unsupported.desktop jdk.xml.dom" 

Environment Variables:
JAVA_HOME=C:\Program Files\Java\jdk-25
PATH=C:\Program Files\Common Files\Oracle\Java\javapath;C:\Windows\system32;C:\Windows;C:\Windows\System32\Wbem;C:\Windows\System32\WindowsPowerShell\v1.0\;C:\Windows\System32\OpenSSH\;C:\Program Files\nodejs\;C:\Program Files\Docker\Docker\resources\bin;C:\Program Files\Git\cmd;C:\Program Files\PostgreSQL\18\bin;C:\Users\VETRI COMPANIES\AppData\Local\Programs\Python\Python312\Scripts\;C:\Users\VETRI COMPANIES\AppData\Local\Programs\Python\Python312\;C:\Users\VETRI COMPANIES\AppData\Local\Programs\Python\Python314\Scripts\;C:\Users\VETRI COMPANIES\AppData\Local\Programs\Python\Python314\;C:\Users\VETRI COMPANIES\AppData\Local\Programs\Python\Launcher\;C:\Users\VETRI COMPANIES\AppData\Local\Microsoft\WindowsApps;C:\Users\VETRI COMPANIES\AppData\Local\Programs\Microsoft VS Code\bin;C:\Program Files\apache-maven-3.9.12\bin;C:\Users\VETRI COMPANIES\AppData\Local\Programs\Antigravity\bin
USERNAME=VETRI COMPANIES
OS=Windows_NT
PROCESSOR_IDENTIFIER=Intel64 Family 6 Model 78 Stepping 3, GenuineIntel
TMP=C:\Users\VETRIC~1\AppData\Local\Temp
TEMP=C:\Users\VETRIC~1\AppData\Local\Temp




Periodic native trim disabled

---------------  S Y S T E M  ---------------

OS:
 Windows 11 , 64 bit Build 22000 (10.0.22000.2538)
OS uptime: 37 days 4:34 hours
Hyper-V role detected

CPU: total 4 (initial active 4) (2 cores per cpu, 2 threads per core) family 6 model 78 stepping 3 microcode 0xec, cx8, cmov, fxsr, ht, mmx, 3dnowpref, sse, sse2, sse3, ssse3, sse4.1, sse4.2, popcnt, lzcnt, tsc, tscinvbit, avx, avx2, aes, erms, clmul, bmi1, bmi2, rtm, adx, fma, vzeroupper, clflush, clflushopt, hv, rdtscp, f16c
Processor Information for the first 4 processors :
  Max Mhz: 2808, Current Mhz: 2607, Mhz Limit: 2583

Memory: 4k page, system-wide physical 8072M (579M free)
TotalPageFile size 16264M (AvailPageFile size 162M)
current process WorkingSet (physical memory assigned to process): 199M, peak: 314M
current process commit charge ("private bytes"): 364M, peak: 383M

vm_info: OpenJDK 64-Bit Server VM (21.0.11+10-LTS) for windows-amd64 JRE (21.0.11+10-LTS), built on 2026-04-21T00:00:00Z by "admin" with MS VC++ 17.12 (VS2022)

END.
